[zairito.zainikthemes.com/user/sign-in.html]
[backblue.gif]
[fade.gif]
[index.html]
[zairito.zainikthemes.com/frontend/assets/css/bootstrap.min.css]
[zairito.zainikthemes.com/frontend/assets/css/plugins.css]
[zairito.zainikthemes.com/frontend/assets/css/owl.carousel.min.css]
[zairito.zainikthemes.com/frontend/assets/css/owl.theme.default.min.css]
[zairito.zainikthemes.com/frontend/assets/css/style.min.css]
[zairito.zainikthemes.com/frontend/assets/css/extra.css]
[zairito.zainikthemes.com/frontend/assets/css/responsive.css]
[zairito.zainikthemes.com/frontend/assets/css/cookie-consent.css]
[zairito.zainikthemes.com/uploaded_files/favicon/favicon.png]
[zairito.zainikthemes.com/admin/css/toastr.min.css]
[zairito.zainikthemes.com/uploaded_files/language/en.png]
[zairito.zainikthemes.com/uploaded_files/language/fr.png]
[zairito.zainikthemes.com/frontend/assets/images/user-avatar.png]
[zairito.zainikthemes.com/uploaded_files/logo/logo.png]
[zairito.zainikthemes.com/uploaded_files/advertise/menu-thumb.png]
[zairito.zainikthemes.com/frontend/assets/images/empty-box.png]
[zairito.zainikthemes.com/user/forget-password.html]
[zairito.zainikthemes.com/user/sign-up.html]
[zairito.zainikthemes.com/uploaded_files/logo/footer-logo.png]
[zairito.zainikthemes.com/user/www.facebook.com]
[zairito.zainikthemes.com/user/www.skype.com]
[zairito.zainikthemes.com/user/www.twitter.com]
[zairito.zainikthemes.com/user/www.linkedin.com]
[zairito.zainikthemes.com/user/www.instagram.com]
[zairito.zainikthemes.com/uploaded_files/footer/accepts-image.png]
[zairito.zainikthemes.com/cdn-cgi/scripts/5c5dd728/cloudflare-static/email-decode.min.js]
[zairito.zainikthemes.com/frontend/assets/js/jquery-3.6.0.min.js]
[zairito.zainikthemes.com/frontend/assets/js/bootstrap.min.js]
[zairito.zainikthemes.com/frontend/assets/js/plugins.js]
[zairito.zainikthemes.com/frontend/assets/js/owl.carousel.min.js]
[zairito.zainikthemes.com/frontend/assets/js/main.js]
[zairito.zainikthemes.com/frontend/assets/js/front/custom.js]
[zairito.zainikthemes.com/frontend/assets/js/front/extra.js]
[zairito.zainikthemes.com/frontend/assets/js/front/sweat_aleart.js]
[zairito.zainikthemes.com/frontend/assets/js/common.js]
[zairito.zainikthemes.com/admin/js/toastr.min.js]
[sandbox.sslcommerz.com/embed.mind41d.js]
[zairito.zainikthemes.com/user/sign-in.html]
[zairito.zainikthemes.com/frontend/assets/css/bootstrap.min.css]
[zairito.zainikthemes.com/frontend/assets/css/plugins.css]
[zairito.zainikthemes.com/frontend/assets/js/pages/cart.js]
[zairito.zainikthemes.com/frontend/assets/css/owl.video.play.png]
[zairito.zainikthemes.com/frontend/assets/css/owl.carousel.min.css]
[zairito.zainikthemes.com/frontend/assets/css/owl.theme.default.min.css]
[zairito.zainikthemes.com/frontend/assets/images/about-bg.jpg]
[zairito.zainikthemes.com/frontend/assets/images/shop-image.png]
[zairito.zainikthemes.com/frontend/assets/images/spectial-offer-bg.jpg]
[zairito.zainikthemes.com/frontend/assets/images/breadcrumb-bg.png]
[zairito.zainikthemes.com/frontend/assets/images/breadcrumb-bg-3.png]
[zairito.zainikthemes.com/frontend/assets/images/service-image.png]
[zairito.zainikthemes.com/frontend/assets/css/style.min.css]
[zairito.zainikthemes.com/frontend/assets/css/extra.css]
[zairito.zainikthemes.com/frontend/assets/css/responsive.css]
[zairito.zainikthemes.com/frontend/assets/css/cookie-consent.css]
[zairito.zainikthemes.com/admin/css/toastr.min.css]
[zairito.zainikthemes.com/user/forget-password.html]
[zairito.zainikthemes.com/user/sign-up.html]
[zairito.zainikthemes.com/user/www.facebook.html]
[zairito.zainikthemes.com/user/www.skype.html]
[zairito.zainikthemes.com/user/www.twitter.html]
[zairito.zainikthemes.com/user/www.linkedin.html]
[zairito.zainikthemes.com/user/www.instagram.html]
[zairito.zainikthemes.com/frontend/assets/css/owl.video.play.html]
[zairito.zainikthemes.com/frontend/assets/images/shop-image.html]
[zairito.zainikthemes.com/frontend/assets/images/service-image.html]
